Microchip MPLAB XC8 Compiler V3.00

Linker command line:

-W-3 \
  --edf=C:\Program Files\Microchip\xc8\v3.00\pic\dat\20241204225717_en.msgs \
  -cn -h+dist/default/production\JordTermometerStyreBoks.production.sym \
  --cmf=dist/default/production\JordTermometerStyreBoks.production.cmf -z \
  -Q16F819 -oC:\Users\impos\AppData\Local\Temp\xcAsco8.\driver_tmp_3.o \
  --defsym=__MPLAB_BUILD=1 --fixupoverflow=error \
  -Mdist/default/production/JordTermometerStyreBoks.production.map \
  --md=C:\Users\impos\AppData\Local\Temp\xcAsco8.\driver_tmp_0.dat -E1 \
  -ver=XC8 Compiler -ACODE=00h-07FFh -ASTRCODE=00h-07FFh \
  -ASTRING=00h-0FFhx8 -ACONST=00h-0FFhx8 -AENTRY=00h-0FFhx8 \
  -ACOMMON=070h-07Fh -ABANK0=020h-06Fh -ABANK1=0A0h-0EFh \
  -ABANK2=0120h-016Fh -ARAM=020h-06Fh,0A0h-0EFh,0120h-016Fh \
  -AABS1=020h-07Fh,0A0h-0EFh,0120h-016Fh -ASFR0=00h-01Fh -ASFR1=080h-09Fh \
  -ASFR2=0100h-011Fh -ASFR3=0180h-01EFh -ACONFIG=02007h-02007h -DCONFIG=2 \
  -AIDLOC=02000h-02003h -DIDLOC=2 -AEEDATA=00h-0FFh/02100h \
  -peeprom_data=EEDATA -DEEDATA=2 -DCODE=2 -DSTRCODE=2 -DSTRING=2 -DCONST=2 \
  -DENTRY=2 -preset_vec=00h,intentry,sivt,init,end_init -ppowerup=CODE \
  -pcinit=CODE -pfunctab=ENTRY -k \
  C:\Users\impos\AppData\Local\Temp\xcAsco8.\driver_tmp_12.o \
  dist/default/production\JordTermometerStyreBoks.production.o 

Object code version is 3.11

Machine type is 16F819



                Name                               Link     Load   Length Selector   Space Scale
C:\Users\impos\AppData\Local\Temp\xcAsco8.\driver_tmp_12.o
                end_init                              0        0        1        0       0
                config                             2007     2007        1        0       4
dist/default/production\JordTermometerStyreBoks.production.o
                cinit                               7F3      7F3        D      FE6       0
                config                             2007     2007        1        0       4
                text11                              531      531        9      A62       0
                text10                              546      546       12      A8C       0
                text9                               593      593       26      B26       0
                text8                               53A      53A        C      A74       0
                text7                               558      558       16      AB0       0
                text6                               5B9      5B9       27      B72       0
                text5                               6C7      6C7       63      D8E       0
                text4                               617      617       57      C2E       0
                text3                               56E      56E       25      ADC       0
                text2                               72A      72A       C9      E54       0
                text1                               66E      66E       59      CDC       0
                maintext                            5E0      5E0       37      BC0       0
                cstackBANK0                          20       20       18       20       1
                cstackCOMMON                         70       70        E       70       1
                bssBANK0                             38       38        9       20       1
                strings                               1        1       24        2       0

TOTAL           Name                               Link     Load   Length     Space
        CLASS   CODE           
                end_init                              0        0        1         0
                cinit                               7F3      7F3        D         0
                text11                              531      531        9         0
                text10                              546      546       12         0
                text9                               593      593       26         0
                text8                               53A      53A        C         0
                text7                               558      558       16         0
                text6                               5B9      5B9       27         0
                text5                               6C7      6C7       63         0
                text4                               617      617       57         0
                text3                               56E      56E       25         0
                text2                               72A      72A       C9         0
                text1                               66E      66E       59         0
                maintext                            5E0      5E0       37         0

        CLASS   STRCODE        

        CLASS   STRING         
                strings                               1        1       24         0

        CLASS   CONST          

        CLASS   ENTRY          

        CLASS   COMMON         
                cstackCOMMON                         70       70        E         1

        CLASS   BANK0          
                cstackBANK0                          20       20       18         1
                bssBANK0                             38       38        9         1

        CLASS   BANK1          

        CLASS   BANK2          

        CLASS   RAM            

        CLASS   ABS1           
                abs_s1                               7E       7E        2         1

        CLASS   SFR0           

        CLASS   SFR1           

        CLASS   SFR2           

        CLASS   SFR3           

        CLASS   CONFIG         
                config                             2007     2007        1         4

        CLASS   IDLOC          

        CLASS   EEDATA         

        CLASS   BANK3          

        CLASS   HEAP           

        CLASS   STACK          



SEGMENTS        Name                           Load    Length   Top    Selector   Space  Class     Delta

                reset_vec                      000000  000001  000001         0       0  CODE        2
                strings                        000001  000024  000025         2       0  STRING      2
                cstackBANK0                    000020  000021  000041        20       1  BANK0       1
                cstackCOMMON                   000070  00000E  00007E        70       1  COMMON      1
                text11                         000531  000009  00053A       A62       0  CODE        2
                text8                          00053A  00000C  000546       A74       0  CODE        2
                text10                         000546  000012  000558       A8C       0  CODE        2
                text7                          000558  000016  00056E       AB0       0  CODE        2
                text3                          00056E  000025  000593       ADC       0  CODE        2
                text9                          000593  000026  0005B9       B26       0  CODE        2
                text6                          0005B9  000027  0005E0       B72       0  CODE        2
                maintext                       0005E0  000037  000617       BC0       0  CODE        2
                text4                          000617  000057  00066E       C2E       0  CODE        2
                text1                          00066E  000059  0006C7       CDC       0  CODE        2
                text5                          0006C7  000063  00072A       D8E       0  CODE        2
                text2                          00072A  0000C9  0007F3       E54       0  CODE        2
                cinit                          0007F3  00000D  000800       FE6       0  CODE        2


UNUSED ADDRESS RANGES

        Name                Unused          Largest block    Delta
        BANK0            0041-006F             2F           1
        BANK1            00A0-00EF             50           1
        BANK2            0120-016F             50           1
        CODE             0025-0530            50C           2
        CONST            0025-0530            100           2
        EEDATA           2100-21FF            100           2
        ENTRY            0025-0530            100           2
        IDLOC            2000-2003              4           2
        RAM              0041-006F             2F           1
                         00A0-00EF             50
                         0120-016F             50
        SFR0             0000-001F             20           1
        SFR1             0080-009F             20           1
        SFR2             0100-011F             20           1
        SFR3             0180-01EF             70           1
        STRCODE          0025-0530            50C           2
        STRING           0025-0530            100           2

                                  Symbol Table

?___awdiv                cstackCOMMON 0070
?___awmod                cstackCOMMON 0070
?___wmul                 cstackCOMMON 0070
CommandLCD@command       cstackCOMMON 0074
_CommandLCD              text9        0593
_IOInit                  text11       0531
_PORTA                   (abs)        0005
_PORTAbits               (abs)        0005
_PORTB                   (abs)        0006
_TRISA                   (abs)        0085
_TRISB                   (abs)        0086
__H__absolute__          __absolute__ 0000
__Habs1                  abs1         0000
__Hbank0                 bank0        0000
__Hbank1                 bank1        0000
__Hbank2                 bank2        0000
__Hbank3                 bank3        0000
__HbssBANK0              bssBANK0     0000
__Hcinit                 cinit        0800
__Hclrtext               clrtext      0000
__Hcode                  code         0000
__Hcommon                common       0000
__Hconfig                config       2008
__HcstackBANK0           cstackBANK0  0000
__HcstackCOMMON          cstackCOMMON 0000
__Heeprom_data           eeprom_data  0000
__Hend_init              end_init     0001
__Hfunctab               functab      0000
__Hheap                  heap         0000
__Hinit                  init         0000
__Hintentry              intentry     0000
__Hmaintext              maintext     0000
__Hpowerup               powerup      0000
__Hram                   ram          0000
__Hreset_vec             reset_vec    0000
__Hsfr0                  sfr0         0000
__Hsfr1                  sfr1         0000
__Hsfr2                  sfr2         0000
__Hsfr3                  sfr3         0000
__Hsivt                  sivt         0000
__Hspace_0               (abs)        0800
__Hspace_1               (abs)        007E
__Hspace_2               (abs)        0000
__Hspace_3               (abs)        0000
__Hspace_4               (abs)        400F
__Hstack                 stack        0000
__Hstrings               strings      0000
__Htext                  text         0000
__L__absolute__          __absolute__ 0000
__Labs1                  abs1         0000
__Lbank0                 bank0        0000
__Lbank1                 bank1        0000
__Lbank2                 bank2        0000
__Lbank3                 bank3        0000
__LbssBANK0              bssBANK0     0000
__Lcinit                 cinit        07F3
__Lclrtext               clrtext      0000
__Lcode                  code         0000
__Lcommon                common       0000
__Lconfig                config       0000
__LcstackBANK0           cstackBANK0  0000
__LcstackCOMMON          cstackCOMMON 0000
__Leeprom_data           eeprom_data  0000
__Lend_init              end_init     0000
__Lfunctab               functab      0000
__Lheap                  heap         0000
__Linit                  init         0000
__Lintentry              intentry     0000
__Lmaintext              maintext     0000
__Lpowerup               powerup      0000
__Lram                   ram          0000
__Lreset_vec             reset_vec    0000
__Lsfr0                  sfr0         0000
__Lsfr1                  sfr1         0000
__Lsfr2                  sfr2         0000
__Lsfr3                  sfr3         0000
__Lsivt                  sivt         0000
__Lspace_0               (abs)        0000
__Lspace_1               (abs)        0000
__Lspace_2               (abs)        0000
__Lspace_3               (abs)        0000
__Lspace_4               (abs)        0000
__Lstack                 stack        0000
__Lstrings               strings      0000
__Ltext                  text         0000
__S0                     (abs)        0800
__S1                     (abs)        007E
__S3                     (abs)        0000
___awdiv                 text5        06C7
___awdiv@counter         cstackCOMMON 0074
___awdiv@dividend        cstackCOMMON 0072
___awdiv@divisor         cstackCOMMON 0070
___awdiv@quotient        cstackCOMMON 0076
___awdiv@sign            cstackCOMMON 0075
___awmod                 text4        0617
___awmod@counter         cstackCOMMON 0074
___awmod@dividend        cstackCOMMON 0072
___awmod@divisor         cstackCOMMON 0070
___awmod@sign            cstackCOMMON 0075
___heap_hi               (abs)        0000
___heap_lo               (abs)        0000
___int_sp                stack        0000
___int_stack_hi          stack        0000
___int_stack_lo          stack        0000
___latbits               (abs)        0000
___sp                    stack        0000
___stack_hi              stack        0000
___stack_lo              stack        0000
___stackhi               (abs)        0000
___stacklo               (abs)        0000
___wmul                  text3        056E
___wmul@multiplicand     cstackCOMMON 0072
___wmul@multiplier       cstackCOMMON 0070
___wmul@product          cstackCOMMON 0074
__end_of_CommandLCD      text9        05B9
__end_of_IOInit          text11       053A
__end_of___awdiv         text5        072A
__end_of___awmod         text4        066E
__end_of___wmul          text3        0593
__end_of__initialization cinit        07FE
__end_of__stringtab      strings      0011
__end_of_mV2Celcius      text2        07F3
__end_of_main            maintext     0617
__end_of_staticInfo      text6        05E0
__end_of_updateLCD       text1        06C7
__end_of_wait            text10       0558
__end_of_writeChar       text8        0546
__end_of_writeString     text7        056E
__initialization         cinit        07F3
__pbssBANK0              bssBANK0     0038
__pcstackBANK0           cstackBANK0  0020
__pcstackCOMMON          cstackCOMMON 0070
__pmaintext              maintext     05E0
__pstrings               strings      0001
__ptext1                 text1        066E
__ptext10                text10       0546
__ptext11                text11       0531
__ptext2                 text2        072A
__ptext3                 text3        056E
__ptext4                 text4        0617
__ptext5                 text5        06C7
__ptext6                 text6        05B9
__ptext7                 text7        0558
__ptext8                 text8        053A
__ptext9                 text9        0593
__stringbase             strings      0010
__stringtab              strings      0001
_mV2Celcius              text2        072A
_main                    maintext     05E0
_staticInfo              text6        05B9
_updateLCD               text1        066E
_wait                    text10       0546
_writeChar               text8        053A
_writeString             text7        0558
btemp                    (abs)        007E
doubbelDabbel@digits     bssBANK0     003E
end_of_initialization    cinit        07FE
intlevel0                functab      0000
intlevel1                functab      0000
intlevel2                functab      0000
intlevel3                functab      0000
intlevel4                functab      0000
intlevel5                functab      0000
mV2Celcius@bcdValue      cstackCOMMON 0078
mV2Celcius@decPart       cstackBANK0  0030
mV2Celcius@hundreds      cstackBANK0  0028
mV2Celcius@intPart       cstackBANK0  0032
mV2Celcius@milivolts     cstackBANK0  002E
mV2Celcius@ones          cstackBANK0  002C
mV2Celcius@tempStr       bssBANK0     0038
mV2Celcius@tens          cstackBANK0  002A
mV2Celcius@thousand      cstackBANK0  0026
mV2Celcius@totalC        cstackBANK0  0034
reset_vec                reset_vec    0000
start                    init         0000
start_initialization     cinit        07F3
updateLCD@batStatus      cstackCOMMON 007D
updateLCD@line           cstackCOMMON 007C
updateLCD@tempStr        cstackBANK0  0036
updateLCD@tempStr_105    cstackBANK0  0037
updateLCD@value          cstackCOMMON 007A
wait@t                   cstackCOMMON 0072
wait@time                cstackCOMMON 0070
writeChar@character      cstackCOMMON 0070
writeString@i            cstackCOMMON 0074
writeString@length       cstackCOMMON 0073
writeString@string       cstackCOMMON 0071
wtemp0                   (abs)        007E


MODULE INFORMATION

Module		Function		Class		Link	Load	Size
C:\Program Files\Microchip\xc8\v3.00\pic\sources\c99\common\Umul16.c
		___wmul        		CODE           	056E	0000	37

C:\Program Files\Microchip\xc8\v3.00\pic\sources\c99\common\Umul16.c estimated size: 37

C:\Program Files\Microchip\xc8\v3.00\pic\sources\c99\common\awmod.c
		___awmod       		CODE           	0617	0000	87

C:\Program Files\Microchip\xc8\v3.00\pic\sources\c99\common\awmod.c estimated size: 87

shared
		__stringtab    		STRING         	0001	0000	16
		__initialization		CODE           	07F3	0000	11

shared estimated size: 27

JordTermometerStyreBox.c
		_writeString   		CODE           	0558	0000	22
		_IOInit        		CODE           	0531	0000	9
		_writeChar     		CODE           	053A	0000	12
		_staticInfo    		CODE           	05B9	0000	39
		_main          		CODE           	05E0	0000	55
		_updateLCD     		CODE           	066E	0000	89
		_CommandLCD    		CODE           	0593	0000	38
		_mV2Celcius    		CODE           	072A	0000	201
		_wait          		CODE           	0546	0000	18

JordTermometerStyreBox.c estimated size: 483

C:\Program Files\Microchip\xc8\v3.00\pic\sources\c99\common\awdiv.c
		___awdiv       		CODE           	06C7	0000	99

C:\Program Files\Microchip\xc8\v3.00\pic\sources\c99\common\awdiv.c estimated size: 99

