Microchip MPLAB XC8 Compiler V2.45

Linker command line:

-W-3 \
  --edf=C:/Users/chris/.mchp_packs/Microchip/PIC16Fxxx_DFP/1.6.156/xc8\pic\dat\20231012211500_en.msgs \
  -cn -h+dist/default/production\JordTermometerStyreBox.X.production.sym \
  --cmf=dist/default/production\JordTermometerStyreBox.X.production.cmf -z \
  -Q16F819 -oC:\Users\chris\AppData\Local\Temp\xcAsbfk.\driver_tmp_3.o \
  --defsym=__MPLAB_BUILD=1 --fixupoverflow=error \
  -Mdist/default/production/JordTermometerStyreBox.X.production.map \
  --md=C:\Users\chris\AppData\Local\Temp\xcAsbfk.\driver_tmp_0.dat -E1 \
  -ver=XC8 Compiler --acfsm=1493 -ACODE=00h-07FFh -ASTRCODE=00h-07FFh \
  -ASTRING=00h-0FFhx8 -ACONST=00h-0FFhx8 -AENTRY=00h-0FFhx8 \
  -ACOMMON=070h-07Fh -ABANK0=020h-06Fh -ABANK1=0A0h-0EFh \
  -ABANK2=0120h-016Fh -ARAM=020h-06Fh,0A0h-0EFh,0120h-016Fh \
  -AABS1=020h-07Fh,0A0h-0EFh,0120h-016Fh -ASFR0=00h-01Fh -ASFR1=080h-09Fh \
  -ASFR2=0100h-011Fh -ASFR3=0180h-01EFh -ACONFIG=02007h-02007h -DCONFIG=2 \
  -AIDLOC=02000h-02003h -DIDLOC=2 -AEEDATA=00h-0FFh/02100h \
  -peeprom_data=EEDATA -DEEDATA=2 -DCODE=2 -DSTRCODE=2 -DSTRING=2 -DCONST=2 \
  -DENTRY=2 -preset_vec=00h,intentry,init,end_init -ppowerup=CODE \
  -pcinit=CODE -pfunctab=ENTRY -k \
  C:\Users\chris\AppData\Local\Temp\xcAsbfk.\driver_tmp_12.o \
  dist/default/production\JordTermometerStyreBox.X.production.o 

Object code version is 3.11

Machine type is 16F819



                Name                               Link     Load   Length Selector   Space Scale
C:\Users\chris\AppData\Local\Temp\xcAsbfk.\driver_tmp_12.o
                end_init                              0        0        1        0       0
                config                             2007     2007        1        0       4
dist/default/production\JordTermometerStyreBox.X.production.o
                cinit                               7FE      7FE        2      FFC       0
                config                             2007     2007        1        0       4
                text8                               42E      42E        E      85C       0
                text7                               429      429        5      852       0
                text6                               43C      43C       12      878       0
                text5                               4E4      4E4       6E      9C8       0
                text4                               47B      47B       26      8F6       0
                text3                               461      461       1A      8C2       0
                text2                               44E      44E       13      89C       0
                text1                               552      552      2AC      AA4       0
                maintext                            4A1      4A1       43      942       0
                cstackBANK0                          20       20        E       20       1
                cstackCOMMON                         70       70        A       70       1
                strings                               1        1       37        2       0

TOTAL           Name                               Link     Load   Length     Space
        CLASS   CODE           
                end_init                              0        0        1         0
                cinit                               7FE      7FE        2         0
                text8                               42E      42E        E         0
                text7                               429      429        5         0
                text6                               43C      43C       12         0
                text5                               4E4      4E4       6E         0
                text4                               47B      47B       26         0
                text3                               461      461       1A         0
                text2                               44E      44E       13         0
                text1                               552      552      2AC         0
                maintext                            4A1      4A1       43         0

        CLASS   STRCODE        

        CLASS   STRING         
                strings                               1        1       37         0

        CLASS   CONST          

        CLASS   ENTRY          

        CLASS   COMMON         
                cstackCOMMON                         70       70        A         1

        CLASS   BANK0          
                cstackBANK0                          20       20        E         1

        CLASS   BANK1          

        CLASS   BANK2          

        CLASS   RAM            

        CLASS   ABS1           
                abs_s1                               7E       7E        2         1

        CLASS   SFR0           

        CLASS   SFR1           

        CLASS   SFR2           

        CLASS   SFR3           

        CLASS   CONFIG         
                config                             2007     2007        1         4

        CLASS   IDLOC          

        CLASS   EEDATA         

        CLASS   BANK3          

        CLASS   HEAP           

        CLASS   STACK          



SEGMENTS        Name                           Load    Length   Top    Selector   Space  Class     Delta

                reset_vec                      000000  000001  000001         0       0  CODE        2
                strings                        000001  000037  000038         2       0  STRING      2
                cstackBANK0                    000020  00000E  00002E        20       1  BANK0       1
                cstackCOMMON                   000070  00000A  00007A        70       1  COMMON      1
                text7                          000429  000005  00042E       852       0  CODE        2
                text8                          00042E  00000E  00043C       85C       0  CODE        2
                text6                          00043C  000012  00044E       878       0  CODE        2
                text2                          00044E  000013  000461       89C       0  CODE        2
                text3                          000461  00001A  00047B       8C2       0  CODE        2
                text4                          00047B  000026  0004A1       8F6       0  CODE        2
                maintext                       0004A1  000043  0004E4       942       0  CODE        2
                text5                          0004E4  00006E  000552       9C8       0  CODE        2
                text1                          000552  0002AC  0007FE       AA4       0  CODE        2
                cinit                          0007FE  000002  000800       FFC       0  CODE        2


UNUSED ADDRESS RANGES

        Name                Unused          Largest block    Delta
        BANK0            002E-006F             42           1
        BANK1            00A0-00EF             50           1
        BANK2            0120-016F             50           1
        CODE             0038-0428            3F1           2
        COMMON           007A-007D              4           1
        CONST            0038-0428            100           2
        EEDATA           2100-21FF            100           2
        ENTRY            0038-0428            100           2
        IDLOC            2000-2003              4           2
        RAM              002E-006F             42           1
                         00A0-00EF             50
                         0120-016F             50
        SFR0             0000-001F             20           1
        SFR1             0080-009F             20           1
        SFR2             0100-011F             20           1
        SFR3             0180-01EF             70           1
        STRCODE          0038-0428            3F1           2
        STRING           0038-0428            100           2

                                  Symbol Table

CommandLCD@command             cstackCOMMON 0074
_ADCON1                        (abs)        009F
_CommandLCD                    text4        047B
_IOInit                        text8        042E
_OPTION_REG                    (abs)        0081
_PORTA                         (abs)        0005
_PORTAbits                     (abs)        0005
_PORTB                         (abs)        0006
_TRISA                         (abs)        0085
_TRISB                         (abs)        0086
_TimerInit                     text7        0429
__H__absolute__                __absolute__ 0000
__Habs1                        abs1         0000
__Hbank0                       bank0        0000
__Hbank1                       bank1        0000
__Hbank2                       bank2        0000
__Hbank3                       bank3        0000
__Hcinit                       cinit        0800
__Hclrtext                     clrtext      0000
__Hcode                        code         0000
__Hcommon                      common       0000
__Hconfig                      config       2008
__HcstackBANK0                 cstackBANK0  0000
__HcstackCOMMON                cstackCOMMON 0000
__Heeprom_data                 eeprom_data  0000
__Hend_init                    end_init     0001
__Hfunctab                     functab      0000
__Hheap                        heap         0000
__Hinit                        init         0000
__Hintentry                    intentry     0000
__Hmaintext                    maintext     0000
__Hpowerup                     powerup      0000
__Hram                         ram          0000
__Hreset_vec                   reset_vec    0000
__Hsfr0                        sfr0         0000
__Hsfr1                        sfr1         0000
__Hsfr2                        sfr2         0000
__Hsfr3                        sfr3         0000
__Hspace_0                     (abs)        0800
__Hspace_1                     (abs)        007A
__Hspace_2                     (abs)        0000
__Hspace_3                     (abs)        0000
__Hspace_4                     (abs)        400F
__Hstack                       stack        0000
__Hstrings                     strings      0000
__Htext                        text         0000
__L__absolute__                __absolute__ 0000
__Labs1                        abs1         0000
__Lbank0                       bank0        0000
__Lbank1                       bank1        0000
__Lbank2                       bank2        0000
__Lbank3                       bank3        0000
__Lcinit                       cinit        07FE
__Lclrtext                     clrtext      0000
__Lcode                        code         0000
__Lcommon                      common       0000
__Lconfig                      config       0000
__LcstackBANK0                 cstackBANK0  0000
__LcstackCOMMON                cstackCOMMON 0000
__Leeprom_data                 eeprom_data  0000
__Lend_init                    end_init     0000
__Lfunctab                     functab      0000
__Lheap                        heap         0000
__Linit                        init         0000
__Lintentry                    intentry     0000
__Lmaintext                    maintext     0000
__Lpowerup                     powerup      0000
__Lram                         ram          0000
__Lreset_vec                   reset_vec    0000
__Lsfr0                        sfr0         0000
__Lsfr1                        sfr1         0000
__Lsfr2                        sfr2         0000
__Lsfr3                        sfr3         0000
__Lspace_0                     (abs)        0000
__Lspace_1                     (abs)        0000
__Lspace_2                     (abs)        0000
__Lspace_3                     (abs)        0000
__Lspace_4                     (abs)        0000
__Lstack                       stack        0000
__Lstrings                     strings      0000
__Ltext                        text         0000
__S0                           (abs)        0800
__S1                           (abs)        007A
__S3                           (abs)        0000
___heap_hi                     (abs)        0000
___heap_lo                     (abs)        0000
___int_sp                      stack        0000
___int_stack_hi                stack        0000
___int_stack_lo                stack        0000
___latbits                     (abs)        0000
___sp                          stack        0000
___stack_hi                    stack        0000
___stack_lo                    stack        0000
___stackhi                     (abs)        0000
___stacklo                     (abs)        0000
__end_of_CommandLCD            text4        04A1
__end_of_IOInit                text8        043C
__end_of_TimerInit             text7        042E
__end_of__initialization       cinit        07FE
__end_of__stringtab            strings      0007
__end_of_checkSignal           text5        0552
__end_of_main                  maintext     04E4
__end_of_readMessage           text1        07FE
__end_of_wait                  text6        044E
__end_of_writeChar             text3        047B
__end_of_writeString           text2        0461
__initialization               cinit        07FE
__pcstackBANK0                 cstackBANK0  0020
__pcstackCOMMON                cstackCOMMON 0070
__pmaintext                    maintext     04A1
__pstrings                     strings      0001
__ptext1                       text1        0552
__ptext2                       text2        044E
__ptext3                       text3        0461
__ptext4                       text4        047B
__ptext5                       text5        04E4
__ptext6                       text6        043C
__ptext7                       text7        0429
__ptext8                       text8        042E
__stringbase                   strings      0006
__stringtab                    strings      0001
_checkSignal                   text5        04E4
_main                          maintext     04A1
_readMessage                   text1        0552
_wait                          text6        043C
_writeChar                     text3        0461
_writeString                   text2        044E
btemp                          (abs)        007E
checkSignal@i                  cstackCOMMON 0074
checkSignal@i_84               cstackCOMMON 0076
checkSignal@i_85               cstackCOMMON 0078
end_of_initialization          cinit        07FE
intlevel0                      functab      0000
intlevel1                      functab      0000
intlevel2                      functab      0000
intlevel3                      functab      0000
intlevel4                      functab      0000
intlevel5                      functab      0000
readMessage@Batt_status        cstackBANK0  0028
readMessage@Expected_check_bit cstackBANK0  0027
readMessage@Termometer_id      cstackBANK0  002A
readMessage@temp_data          cstackBANK0  002C
reset_vec                      reset_vec    0000
start                          init         0000
start_initialization           cinit        07FE
wait@t                         cstackCOMMON 0072
wait@time                      cstackCOMMON 0070
writeChar@character            cstackCOMMON 0074
writeString@i                  cstackCOMMON 0076
writeString@length             cstackCOMMON 0075
writeString@string             cstackCOMMON 0077
wtemp0                         (abs)        007E


MODULE INFORMATION

Module		Function		Class		Link	Load	Size
shared
		__stringtab    		STRING         	0001	0000	6
		__initialization		CODE           	07FE	0000	1

shared estimated size: 7

JordTermometerStyreBox.c
		_TimerInit     		CODE           	0429	0000	5
		_writeString   		CODE           	044E	0000	19
		_IOInit        		CODE           	042E	0000	14
		_writeChar     		CODE           	0461	0000	26
		_main          		CODE           	04A1	0000	67
		_readMessage   		CODE           	0552	0000	684
		_checkSignal   		CODE           	04E4	0000	110
		_CommandLCD    		CODE           	047B	0000	38
		_wait          		CODE           	043C	0000	18

JordTermometerStyreBox.c estimated size: 981

