Microchip MPLAB XC8 Compiler V2.45

Linker command line:

-W-3 \
  --edf=C:/Users/chris/.mchp_packs/Microchip/PIC16Fxxx_DFP/1.6.156/xc8\pic\dat\20231012211500_en.msgs \
  -cn -h+dist/default/production\JordTermometerStyreBox.X.production.sym \
  --cmf=dist/default/production\JordTermometerStyreBox.X.production.cmf -z \
  -Q16F819 -oC:\Users\chris\AppData\Local\Temp\xcAs18bo.\driver_tmp_3.o \
  --defsym=__MPLAB_BUILD=1 --fixupoverflow=error \
  -Mdist/default/production/JordTermometerStyreBox.X.production.map \
  --md=C:\Users\chris\AppData\Local\Temp\xcAs18bo.\driver_tmp_0.dat -E1 \
  -ver=XC8 Compiler --acfsm=1493 -ACODE=00h-07FFh -ASTRCODE=00h-07FFh \
  -ASTRING=00h-0FFhx8 -ACONST=00h-0FFhx8 -AENTRY=00h-0FFhx8 \
  -ACOMMON=070h-07Fh -ABANK0=020h-06Fh -ABANK1=0A0h-0EFh \
  -ABANK2=0120h-016Fh -ARAM=020h-06Fh,0A0h-0EFh,0120h-016Fh \
  -AABS1=020h-07Fh,0A0h-0EFh,0120h-016Fh -ASFR0=00h-01Fh -ASFR1=080h-09Fh \
  -ASFR2=0100h-011Fh -ASFR3=0180h-01EFh -ACONFIG=02007h-02007h -DCONFIG=2 \
  -AIDLOC=02000h-02003h -DIDLOC=2 -AEEDATA=00h-0FFh/02100h \
  -peeprom_data=EEDATA -DEEDATA=2 -DCODE=2 -DSTRCODE=2 -DSTRING=2 -DCONST=2 \
  -DENTRY=2 -preset_vec=00h,intentry,init,end_init -ppowerup=CODE \
  -pcinit=CODE -pfunctab=ENTRY -k \
  C:\Users\chris\AppData\Local\Temp\xcAs18bo.\driver_tmp_12.o \
  dist/default/production\JordTermometerStyreBox.X.production.o 

Object code version is 3.11

Machine type is 16F819



                Name                               Link     Load   Length Selector   Space Scale
C:\Users\chris\AppData\Local\Temp\xcAs18bo.\driver_tmp_12.o
                end_init                              0        0        1        0       0
                config                             2007     2007        1        0       4
dist/default/production\JordTermometerStyreBox.X.production.o
                cinit                               7F6      7F6        A      FEC       0
                config                             2007     2007        1        0       4
                text14                              17B      17B        E      2F6       0
                text13                              16A      16A        5      2D4       0
                text12                              189      189       12      312       0
                text11                              3DE      3DE       B3      7BC       0
                text10                              1D1      1D1       25      3A2       0
                text9                               1F6      1F6       26      3EC       0
                text8                               2FA      2FA       67      5F4       0
                text7                               243      243       59      486       0
                text6                               29C      29C       5E      538       0
                text5                               16F      16F        C      2DE       0
                text4                               19B      19B       18      336       0
                text3                               361      361       7D      6C2       0
                text2                               491      491      365      922       0
                text1                               21C      21C       27      438       0
                maintext                            1B3      1B3       1E      366       0
                cstackBANK0                          20       20       1F       20       1
                cstackCOMMON                         70       70        C       70       1
                bssBANK0                             3F       3F        6       20       1
                strings                               1        1       29        2       0

TOTAL           Name                               Link     Load   Length     Space
        CLASS   CODE           
                end_init                              0        0        1         0
                cinit                               7F6      7F6        A         0
                text14                              17B      17B        E         0
                text13                              16A      16A        5         0
                text12                              189      189       12         0
                text11                              3DE      3DE       B3         0
                text10                              1D1      1D1       25         0
                text9                               1F6      1F6       26         0
                text8                               2FA      2FA       67         0
                text7                               243      243       59         0
                text6                               29C      29C       5E         0
                text5                               16F      16F        C         0
                text4                               19B      19B       18         0
                text3                               361      361       7D         0
                text2                               491      491      365         0
                text1                               21C      21C       27         0
                maintext                            1B3      1B3       1E         0

        CLASS   STRCODE        

        CLASS   STRING         
                strings                               1        1       29         0

        CLASS   CONST          

        CLASS   ENTRY          

        CLASS   COMMON         
                cstackCOMMON                         70       70        C         1

        CLASS   BANK0          
                cstackBANK0                          20       20       1F         1
                bssBANK0                             3F       3F        6         1

        CLASS   BANK1          

        CLASS   BANK2          

        CLASS   RAM            

        CLASS   ABS1           
                abs_s1                               7E       7E        2         1

        CLASS   SFR0           

        CLASS   SFR1           

        CLASS   SFR2           

        CLASS   SFR3           

        CLASS   CONFIG         
                config                             2007     2007        1         4

        CLASS   IDLOC          

        CLASS   EEDATA         

        CLASS   BANK3          

        CLASS   HEAP           

        CLASS   STACK          



SEGMENTS        Name                           Load    Length   Top    Selector   Space  Class     Delta

                reset_vec                      000000  000001  000001         0       0  CODE        2
                strings                        000001  000029  00002A         2       0  STRING      2
                cstackBANK0                    000020  000025  000045        20       1  BANK0       1
                cstackCOMMON                   000070  00000C  00007C        70       1  COMMON      1
                text13                         00016A  000005  00016F       2D4       0  CODE        2
                text5                          00016F  00000C  00017B       2DE       0  CODE        2
                text14                         00017B  00000E  000189       2F6       0  CODE        2
                text12                         000189  000012  00019B       312       0  CODE        2
                text4                          00019B  000018  0001B3       336       0  CODE        2
                maintext                       0001B3  00001E  0001D1       366       0  CODE        2
                text10                         0001D1  000025  0001F6       3A2       0  CODE        2
                text9                          0001F6  000026  00021C       3EC       0  CODE        2
                text1                          00021C  000027  000243       438       0  CODE        2
                text7                          000243  000059  00029C       486       0  CODE        2
                text6                          00029C  00005E  0002FA       538       0  CODE        2
                text8                          0002FA  000067  000361       5F4       0  CODE        2
                text3                          000361  00007D  0003DE       6C2       0  CODE        2
                text11                         0003DE  0000B3  000491       7BC       0  CODE        2
                text2                          000491  000365  0007F6       922       0  CODE        2
                cinit                          0007F6  00000A  000800       FEC       0  CODE        2


UNUSED ADDRESS RANGES

        Name                Unused          Largest block    Delta
        BANK0            0045-006F             2B           1
        BANK1            00A0-00EF             50           1
        BANK2            0120-016F             50           1
        CODE             002A-0169            140           2
        COMMON           007C-007D              2           1
        CONST            002A-0169             D6           2
        EEDATA           2100-21FF            100           2
        ENTRY            002A-0169             D6           2
        IDLOC            2000-2003              4           2
        RAM              0045-006F             2B           1
                         00A0-00EF             50
                         0120-016F             50
        SFR0             0000-001F             20           1
        SFR1             0080-009F             20           1
        SFR2             0100-011F             20           1
        SFR3             0180-01EF             70           1
        STRCODE          002A-0169            140           2
        STRING           002A-0169             D6           2

                                  Symbol Table

?___awdiv                      cstackCOMMON 0070
?___awmod                      cstackCOMMON 0070
?___wmul                       cstackCOMMON 0070
CommandLCD@command             cstackCOMMON 0074
_ADCON1                        (abs)        009F
_CommandLCD                    text9        01F6
_IOInit                        text14       017B
_OPTION_REG                    (abs)        0081
_PORTA                         (abs)        0005
_PORTAbits                     (abs)        0005
_PORTB                         (abs)        0006
_TRISA                         (abs)        0085
_TRISB                         (abs)        0086
_TimerInit                     text13       016A
__H__absolute__                __absolute__ 0000
__Habs1                        abs1         0000
__Hbank0                       bank0        0000
__Hbank1                       bank1        0000
__Hbank2                       bank2        0000
__Hbank3                       bank3        0000
__HbssBANK0                    bssBANK0     0000
__Hcinit                       cinit        0800
__Hclrtext                     clrtext      0000
__Hcode                        code         0000
__Hcommon                      common       0000
__Hconfig                      config       2008
__HcstackBANK0                 cstackBANK0  0000
__HcstackCOMMON                cstackCOMMON 0000
__Heeprom_data                 eeprom_data  0000
__Hend_init                    end_init     0001
__Hfunctab                     functab      0000
__Hheap                        heap         0000
__Hinit                        init         0000
__Hintentry                    intentry     0000
__Hmaintext                    maintext     0000
__Hpowerup                     powerup      0000
__Hram                         ram          0000
__Hreset_vec                   reset_vec    0000
__Hsfr0                        sfr0         0000
__Hsfr1                        sfr1         0000
__Hsfr2                        sfr2         0000
__Hsfr3                        sfr3         0000
__Hspace_0                     (abs)        0800
__Hspace_1                     (abs)        007C
__Hspace_2                     (abs)        0000
__Hspace_3                     (abs)        0000
__Hspace_4                     (abs)        400F
__Hstack                       stack        0000
__Hstrings                     strings      0000
__Htext                        text         0000
__L__absolute__                __absolute__ 0000
__Labs1                        abs1         0000
__Lbank0                       bank0        0000
__Lbank1                       bank1        0000
__Lbank2                       bank2        0000
__Lbank3                       bank3        0000
__LbssBANK0                    bssBANK0     0000
__Lcinit                       cinit        07F6
__Lclrtext                     clrtext      0000
__Lcode                        code         0000
__Lcommon                      common       0000
__Lconfig                      config       0000
__LcstackBANK0                 cstackBANK0  0000
__LcstackCOMMON                cstackCOMMON 0000
__Leeprom_data                 eeprom_data  0000
__Lend_init                    end_init     0000
__Lfunctab                     functab      0000
__Lheap                        heap         0000
__Linit                        init         0000
__Lintentry                    intentry     0000
__Lmaintext                    maintext     0000
__Lpowerup                     powerup      0000
__Lram                         ram          0000
__Lreset_vec                   reset_vec    0000
__Lsfr0                        sfr0         0000
__Lsfr1                        sfr1         0000
__Lsfr2                        sfr2         0000
__Lsfr3                        sfr3         0000
__Lspace_0                     (abs)        0000
__Lspace_1                     (abs)        0000
__Lspace_2                     (abs)        0000
__Lspace_3                     (abs)        0000
__Lspace_4                     (abs)        0000
__Lstack                       stack        0000
__Lstrings                     strings      0000
__Ltext                        text         0000
__S0                           (abs)        0800
__S1                           (abs)        007C
__S3                           (abs)        0000
___awdiv                       text8        02FA
___awdiv@counter               cstackCOMMON 0074
___awdiv@dividend              cstackCOMMON 0072
___awdiv@divisor               cstackCOMMON 0070
___awdiv@quotient              cstackCOMMON 0076
___awdiv@sign                  cstackCOMMON 0075
___awmod                       text7        0243
___awmod@counter               cstackCOMMON 0074
___awmod@dividend              cstackCOMMON 0072
___awmod@divisor               cstackCOMMON 0070
___awmod@sign                  cstackCOMMON 0075
___heap_hi                     (abs)        0000
___heap_lo                     (abs)        0000
___int_sp                      stack        0000
___int_stack_hi                stack        0000
___int_stack_lo                stack        0000
___latbits                     (abs)        0000
___sp                          stack        0000
___stack_hi                    stack        0000
___stack_lo                    stack        0000
___stackhi                     (abs)        0000
___stacklo                     (abs)        0000
___wmul                        text10       01D1
___wmul@multiplicand           cstackCOMMON 0072
___wmul@multiplier             cstackCOMMON 0070
___wmul@product                cstackCOMMON 0074
__end_of_CommandLCD            text9        021C
__end_of_IOInit                text14       0189
__end_of_TimerInit             text13       016F
__end_of___awdiv               text8        0361
__end_of___awmod               text7        029C
__end_of___wmul                text10       01F6
__end_of__initialization       cinit        07FE
__end_of__stringtab            strings      0011
__end_of_checkSignal           text11       0491
__end_of_mV2Celcius            text6        02FA
__end_of_main                  maintext     01D1
__end_of_readMessage           text2        07F6
__end_of_staticInfo            text1        0243
__end_of_updateLCD             text3        03DE
__end_of_wait                  text12       019B
__end_of_writeChar             text5        017B
__end_of_writeString           text4        01B3
__initialization               cinit        07F6
__pbssBANK0                    bssBANK0     003F
__pcstackBANK0                 cstackBANK0  0020
__pcstackCOMMON                cstackCOMMON 0070
__pmaintext                    maintext     01B3
__pstrings                     strings      0001
__ptext1                       text1        021C
__ptext10                      text10       01D1
__ptext11                      text11       03DE
__ptext12                      text12       0189
__ptext13                      text13       016A
__ptext14                      text14       017B
__ptext2                       text2        0491
__ptext3                       text3        0361
__ptext4                       text4        019B
__ptext5                       text5        016F
__ptext6                       text6        029C
__ptext7                       text7        0243
__ptext8                       text8        02FA
__ptext9                       text9        01F6
__stringbase                   strings      0010
__stringtab                    strings      0001
_checkSignal                   text11       03DE
_mV2Celcius                    text6        029C
_main                          maintext     01B3
_readMessage                   text2        0491
_staticInfo                    text1        021C
_updateLCD                     text3        0361
_wait                          text12       0189
_writeChar                     text5        016F
_writeString                   text4        019B
btemp                          (abs)        007E
checkSignal@i                  cstackCOMMON 0074
checkSignal@i_109              cstackCOMMON 0076
checkSignal@i_110              cstackCOMMON 0078
checkSignal@j                  cstackCOMMON 007A
end_of_initialization          cinit        07FE
intlevel0                      functab      0000
intlevel1                      functab      0000
intlevel2                      functab      0000
intlevel3                      functab      0000
intlevel4                      functab      0000
intlevel5                      functab      0000
mV2Celcius@decPart             cstackBANK0  0022
mV2Celcius@inputValue          cstackCOMMON 0078
mV2Celcius@intPart             cstackBANK0  0024
mV2Celcius@milivolts           cstackBANK0  0020
mV2Celcius@tempStr             bssBANK0     003F
mV2Celcius@totalC              cstackBANK0  0026
readMessage@Batt               cstackBANK0  0035
readMessage@Batt_status        cstackBANK0  0039
readMessage@Error_state        cstackBANK0  0034
readMessage@Expected_check_bit cstackBANK0  0038
readMessage@Termometer_id      cstackBANK0  0036
readMessage@temp               cstackBANK0  003B
readMessage@temp_data          cstackBANK0  003D
reset_vec                      reset_vec    0000
start                          init         0000
start_initialization           cinit        07F6
updateLCD@batStatus            cstackBANK0  002B
updateLCD@error                cstackBANK0  002C
updateLCD@line                 cstackBANK0  002A
updateLCD@tempStr              cstackCOMMON 007A
updateLCD@tempStr_93           cstackCOMMON 007B
updateLCD@value                cstackBANK0  0028
wait@t                         cstackCOMMON 0072
wait@time                      cstackCOMMON 0070
writeChar@character            cstackCOMMON 0070
writeString@i                  cstackCOMMON 0074
writeString@length             cstackCOMMON 0073
writeString@string             cstackCOMMON 0071
wtemp0                         (abs)        007E


MODULE INFORMATION

Module		Function		Class		Link	Load	Size
C:\Program Files\Microchip\xc8\v2.45\pic\sources\c99\common\Umul16.c
		___wmul        		CODE           	01D1	0000	37

C:\Program Files\Microchip\xc8\v2.45\pic\sources\c99\common\Umul16.c estimated size: 37

C:\Program Files\Microchip\xc8\v2.45\pic\sources\c99\common\awmod.c
		___awmod       		CODE           	0243	0000	89

C:\Program Files\Microchip\xc8\v2.45\pic\sources\c99\common\awmod.c estimated size: 89

shared
		__stringtab    		STRING         	0001	0000	16
		__initialization		CODE           	07F6	0000	8

shared estimated size: 24

JordTermometerStyreBox.c
		_TimerInit     		CODE           	016A	0000	5
		_writeString   		CODE           	019B	0000	24
		_IOInit        		CODE           	017B	0000	14
		_writeChar     		CODE           	016F	0000	12
		_staticInfo    		CODE           	021C	0000	39
		_main          		CODE           	01B3	0000	30
		_updateLCD     		CODE           	0361	0000	125
		_readMessage   		CODE           	0491	0000	869
		_checkSignal   		CODE           	03DE	0000	179
		_CommandLCD    		CODE           	01F6	0000	38
		_mV2Celcius    		CODE           	029C	0000	94
		_wait          		CODE           	0189	0000	18

JordTermometerStyreBox.c estimated size: 1447

C:\Program Files\Microchip\xc8\v2.45\pic\sources\c99\common\awdiv.c
		___awdiv       		CODE           	02FA	0000	103

C:\Program Files\Microchip\xc8\v2.45\pic\sources\c99\common\awdiv.c estimated size: 103

